// Jest Snapshot v1, https://goo.gl/fbAQLP

exports[`matches snapshot 1`] = `
<DocumentFragment>
  <div>
    <form>
      <label
        for="work"
      >
        Work:
      </label>
      <input
        id="work"
        name="work"
        type="text"
        value=""
      />
      <button>
        New todo 
      </button>
    </form>
  </div>
</DocumentFragment>
`;
